[2026-05-08 16:08:32,077] INFO: Log file: camera_logs/camera_session_20260508_160832.log
[2026-05-08 16:08:32,078] INFO: 准备打开摄像头: /dev/video0
[2026-05-08 16:08:32,078] INFO: 请求参数: {'width': 640, 'height': 480, 'fps': 30, 'pixfmt': 'MJPG'}, fourcc=MJPG
[2026-05-08 16:08:34,388] INFO: 未调整控制参数：使用默认模式（保持当前控制值不变）
[2026-05-08 16:08:34,563] INFO: 实际参数: {'width': 640, 'height': 480, 'fps': 30.0, 'fourcc': 'MJPG'}
[2026-05-08 16:08:34,568] INFO: ===== v4l2-ctl --list-ctrls (snapshot) =====
[2026-05-08 16:08:34,569] INFO: 
[2026-05-08 16:08:34,569] INFO: User Controls
[2026-05-08 16:08:34,569] INFO: 
[2026-05-08 16:08:34,569] INFO:                      brightness 0x00980900 (int)    : min=0 max=100 step=1 default=50 value=50
[2026-05-08 16:08:34,569] INFO:                        contrast 0x00980901 (int)    : min=0 max=100 step=1 default=50 value=50
[2026-05-08 16:08:34,569] INFO:                      saturation 0x00980902 (int)    : min=0 max=100 step=1 default=50 value=50
[2026-05-08 16:08:34,569] INFO:         white_balance_automatic 0x0098090c (bool)   : default=1 value=1
[2026-05-08 16:08:34,569] INFO:                            gain 0x00980913 (int)    : min=0 max=255 step=1 default=255 value=255
[2026-05-08 16:08:34,569] INFO:       white_balance_temperature 0x0098091a (int)    : min=2700 max=7500 step=1 default=5100 value=5100 flags=inactive
[2026-05-08 16:08:34,569] INFO:                       sharpness 0x0098091b (int)    : min=0 max=100 step=1 default=50 value=50
[2026-05-08 16:08:34,569] INFO:          backlight_compensation 0x0098091c (int)    : min=0 max=1 step=1 default=1 value=1
[2026-05-08 16:08:34,569] INFO: 
[2026-05-08 16:08:34,569] INFO: Camera Controls
[2026-05-08 16:08:34,569] INFO: 
[2026-05-08 16:08:34,569] INFO:                   auto_exposure 0x009a0901 (menu)   : min=0 max=3 default=0 value=0 (Auto Mode)
[2026-05-08 16:08:34,569] INFO:          exposure_time_absolute 0x009a0902 (int)    : min=5 max=2500 step=1 default=2500 value=2500 flags=inactive
[2026-05-08 16:08:34,569] INFO:      exposure_dynamic_framerate 0x009a0903 (bool)   : default=0 value=0
[2026-05-08 16:08:34,569] INFO:                   zoom_absolute 0x009a090d (int)    : min=0 max=200 step=1 default=0 value=0
[2026-05-08 16:08:40,479] INFO: 开始录制【定时】5.00s -> camera_outputs/session_20260508_160832/videos/video_20260508_160840.mp4
[2026-05-08 16:08:45,487] INFO: 录制完成: camera_outputs/session_20260508_160832/videos/video_20260508_160840.mp4
[2026-05-08 16:08:59,300] INFO: 进入【拍照模式】按键：s=保存  b=返回主菜单  q=退出程序
[2026-05-08 16:08:59,301] INFO: 提示：窗口按键需要点击窗口获得焦点；终端输入需要回车。
[2026-05-08 16:09:43,978] INFO: 关闭相机与资源。
[2026-05-08 16:09:43,983] INFO: === Session Summary ===
[2026-05-08 16:09:43,983] INFO: {
  "session_id": "20260508_160832",
  "device": "/dev/video0",
  "start_time": "2026-05-08 16:08:32",
  "end_time": "2026-05-08 16:09:43",
  "operations": [
    "video_mode",
    "record_timed_5.0s",
    "photo_mode"
  ],
  "saved_images": [],
  "saved_videos": [
    "camera_outputs/session_20260508_160832/videos/video_20260508_160840.mp4"
  ],
  "test_result": null,
  "config_history": [
    {
      "time": "2026-05-08 16:08:34",
      "requested": {
        "width": 640,
        "height": 480,
        "fps": 30,
        "pixfmt": "MJPG"
      },
      "actual": {
        "width": 640,
        "height": 480,
        "fps": 30.0,
        "fourcc": "MJPG"
      }
    }
  ]
}
[2026-05-08 16:09:43,983] INFO: 已保存 session_summary.json 到: camera_outputs/session_20260508_160832
