[2026-06-12 15:42:25,252] INFO: Log file: camera_logs/camera_session_20260612_154225.log
[2026-06-12 15:42:25,252] INFO: 准备打开摄像头: /dev/video0
[2026-06-12 15:42:25,252] INFO: 请求参数: {'width': 1920, 'height': 1080, 'fps': 30, 'pixfmt': 'MJPG'}, fourcc=MJPG
[2026-06-12 15:42:27,492] INFO: 未调整控制参数：使用默认模式（保持当前控制值不变）
[2026-06-12 15:42:27,604] INFO: 实际参数: {'width': 1920, 'height': 1080, 'fps': 30.0, 'fourcc': 'MJPG'}
[2026-06-12 15:42:27,607] INFO: ===== v4l2-ctl --list-ctrls (snapshot) =====
[2026-06-12 15:42:27,607] INFO: 
[2026-06-12 15:42:27,607] INFO: User Controls
[2026-06-12 15:42:27,607] INFO: 
[2026-06-12 15:42:27,607] INFO:                      brightness 0x00980900 (int)    : min=0 max=255 step=1 default=128 value=128
[2026-06-12 15:42:27,607] INFO:                        contrast 0x00980901 (int)    : min=0 max=100 step=1 default=32 value=32
[2026-06-12 15:42:27,607] INFO:                      saturation 0x00980902 (int)    : min=0 max=100 step=1 default=64 value=64
[2026-06-12 15:42:27,607] INFO:                             hue 0x00980903 (int)    : min=-180 max=180 step=1 default=0 value=0
[2026-06-12 15:42:27,607] INFO:         white_balance_automatic 0x0098090c (bool)   : default=1 value=1
[2026-06-12 15:42:27,607] INFO:                           gamma 0x00980910 (int)    : min=90 max=150 step=1 default=120 value=120
[2026-06-12 15:42:27,607] INFO:            power_line_frequency 0x00980918 (menu)   : min=0 max=3 default=1 value=0 (Disabled)
[2026-06-12 15:42:27,607] INFO:       white_balance_temperature 0x0098091a (int)    : min=2800 max=6500 step=10 default=4600 value=4600 flags=inactive
[2026-06-12 15:42:27,607] INFO:                       sharpness 0x0098091b (int)    : min=0 max=7 step=1 default=3 value=3
[2026-06-12 15:42:27,607] INFO:          backlight_compensation 0x0098091c (int)    : min=0 max=2 step=1 default=1 value=1
[2026-06-12 15:42:27,607] INFO: 
[2026-06-12 15:42:27,607] INFO: Camera Controls
[2026-06-12 15:42:27,607] INFO: 
[2026-06-12 15:42:27,607] INFO:                   auto_exposure 0x009a0901 (menu)   : min=0 max=3 default=3 value=3 (Aperture Priority Mode)
[2026-06-12 15:42:27,607] INFO:          exposure_time_absolute 0x009a0902 (int)    : min=2 max=1250 step=1 default=156 value=156 flags=inactive
[2026-06-12 15:42:27,607] INFO:      exposure_dynamic_framerate 0x009a0903 (bool)   : default=0 value=1
[2026-06-12 15:42:27,607] INFO:                         privacy 0x009a0910 (bool)   : default=0 value=0
[2026-06-12 15:42:31,743] INFO: 进入【拍照模式】按键：s=保存  b=返回主菜单  q=退出程序
[2026-06-12 15:42:31,743] INFO: 提示：窗口按键需要点击窗口获得焦点；终端输入需要回车。
[2026-06-12 15:42:42,420] WARNING: 读取帧失败
[2026-06-12 15:42:42,451] WARNING: 读取帧失败
[2026-06-12 15:42:42,481] WARNING: 读取帧失败
[2026-06-12 15:42:42,511] WARNING: 读取帧失败
[2026-06-12 15:42:42,542] WARNING: 读取帧失败
[2026-06-12 15:42:42,572] WARNING: 读取帧失败
[2026-06-12 15:42:42,602] WARNING: 读取帧失败
[2026-06-12 15:42:42,632] WARNING: 读取帧失败
[2026-06-12 15:42:42,662] WARNING: 读取帧失败
[2026-06-12 15:42:42,693] WARNING: 读取帧失败
[2026-06-12 15:42:42,723] WARNING: 读取帧失败
[2026-06-12 15:42:42,753] WARNING: 读取帧失败
[2026-06-12 15:42:42,783] WARNING: 读取帧失败
[2026-06-12 15:42:42,813] WARNING: 读取帧失败
[2026-06-12 15:42:42,843] WARNING: 读取帧失败
[2026-06-12 15:42:42,874] WARNING: 读取帧失败
[2026-06-12 15:42:42,904] WARNING: 读取帧失败
[2026-06-12 15:42:42,934] WARNING: 读取帧失败
[2026-06-12 15:42:42,964] WARNING: 读取帧失败
[2026-06-12 15:42:42,995] WARNING: 读取帧失败
[2026-06-12 15:42:43,025] WARNING: 读取帧失败
[2026-06-12 15:42:43,055] WARNING: 读取帧失败
[2026-06-12 15:42:43,086] WARNING: 读取帧失败
[2026-06-12 15:42:43,116] WARNING: 读取帧失败
[2026-06-12 15:42:43,146] WARNING: 读取帧失败
[2026-06-12 15:42:43,176] WARNING: 读取帧失败
[2026-06-12 15:42:43,206] WARNING: 读取帧失败
[2026-06-12 15:42:43,237] WARNING: 读取帧失败
[2026-06-12 15:42:43,267] WARNING: 读取帧失败
[2026-06-12 15:42:43,297] WARNING: 读取帧失败
[2026-06-12 15:42:43,327] WARNING: 读取帧失败
[2026-06-12 15:42:43,357] WARNING: 读取帧失败
[2026-06-12 15:42:43,388] WARNING: 读取帧失败
[2026-06-12 15:42:43,419] WARNING: 读取帧失败
[2026-06-12 15:42:43,450] WARNING: 读取帧失败
[2026-06-12 15:42:43,480] WARNING: 读取帧失败
[2026-06-12 15:42:43,510] WARNING: 读取帧失败
[2026-06-12 15:42:43,540] WARNING: 读取帧失败
[2026-06-12 15:42:43,571] WARNING: 读取帧失败
[2026-06-12 15:42:43,601] WARNING: 读取帧失败
[2026-06-12 15:42:43,631] WARNING: 读取帧失败
[2026-06-12 15:42:43,661] WARNING: 读取帧失败
[2026-06-12 15:42:43,692] WARNING: 读取帧失败
[2026-06-12 15:42:43,722] WARNING: 读取帧失败
[2026-06-12 15:42:43,752] WARNING: 读取帧失败
[2026-06-12 15:42:43,783] WARNING: 读取帧失败
[2026-06-12 15:42:43,813] WARNING: 读取帧失败
[2026-06-12 15:42:43,843] WARNING: 读取帧失败
[2026-06-12 15:42:43,873] WARNING: 读取帧失败
[2026-06-12 15:42:43,903] WARNING: 读取帧失败
[2026-06-12 15:42:43,934] WARNING: 读取帧失败
[2026-06-12 15:42:43,964] WARNING: 读取帧失败
[2026-06-12 15:42:43,994] WARNING: 读取帧失败
[2026-06-12 15:42:44,025] WARNING: 读取帧失败
[2026-06-12 15:42:44,055] WARNING: 读取帧失败
[2026-06-12 15:42:44,085] WARNING: 读取帧失败
[2026-06-12 15:42:44,115] WARNING: 读取帧失败
[2026-06-12 15:42:44,146] WARNING: 读取帧失败
[2026-06-12 15:42:44,176] WARNING: 读取帧失败
[2026-06-12 15:42:44,206] WARNING: 读取帧失败
[2026-06-12 15:42:44,237] WARNING: 读取帧失败
[2026-06-12 15:42:44,268] WARNING: 读取帧失败
[2026-06-12 15:42:44,299] WARNING: 读取帧失败
[2026-06-12 15:42:44,329] WARNING: 读取帧失败
[2026-06-12 15:42:44,360] WARNING: 读取帧失败
[2026-06-12 15:42:44,391] WARNING: 读取帧失败
[2026-06-12 15:42:44,421] WARNING: 读取帧失败
[2026-06-12 15:42:44,452] WARNING: 读取帧失败
[2026-06-12 15:42:44,483] WARNING: 读取帧失败
[2026-06-12 15:42:44,513] WARNING: 读取帧失败
[2026-06-12 15:42:44,543] WARNING: 读取帧失败
[2026-06-12 15:42:44,573] WARNING: 读取帧失败
[2026-06-12 15:42:44,604] WARNING: 读取帧失败
[2026-06-12 15:42:44,634] WARNING: 读取帧失败
[2026-06-12 15:42:44,664] WARNING: 读取帧失败
[2026-06-12 15:42:44,694] WARNING: 读取帧失败
[2026-06-12 15:42:44,724] WARNING: 读取帧失败
[2026-06-12 15:42:44,754] WARNING: 读取帧失败
[2026-06-12 15:42:44,785] WARNING: 读取帧失败
[2026-06-12 15:42:44,815] WARNING: 读取帧失败
[2026-06-12 15:42:44,845] WARNING: 读取帧失败
[2026-06-12 15:42:44,875] WARNING: 读取帧失败
[2026-06-12 15:42:44,905] WARNING: 读取帧失败
[2026-06-12 15:42:44,935] WARNING: 读取帧失败
[2026-06-12 15:42:44,966] WARNING: 读取帧失败
[2026-06-12 15:42:44,996] WARNING: 读取帧失败
[2026-06-12 15:42:45,026] WARNING: 读取帧失败
[2026-06-12 15:42:45,056] WARNING: 读取帧失败
[2026-06-12 15:42:45,087] WARNING: 读取帧失败
[2026-06-12 15:42:45,117] WARNING: 读取帧失败
[2026-06-12 15:42:45,147] WARNING: 读取帧失败
[2026-06-12 15:42:45,177] WARNING: 读取帧失败
[2026-06-12 15:42:45,207] WARNING: 读取帧失败
[2026-06-12 15:42:45,237] WARNING: 读取帧失败
[2026-06-12 15:42:45,268] WARNING: 读取帧失败
[2026-06-12 15:42:45,298] WARNING: 读取帧失败
[2026-06-12 15:42:45,328] WARNING: 读取帧失败
[2026-06-12 15:42:45,359] WARNING: 读取帧失败
[2026-06-12 15:42:45,389] WARNING: 读取帧失败
[2026-06-12 15:42:45,419] WARNING: 读取帧失败
[2026-06-12 15:42:45,449] WARNING: 读取帧失败
[2026-06-12 15:42:45,479] WARNING: 读取帧失败
[2026-06-12 15:42:45,509] WARNING: 读取帧失败
[2026-06-12 15:42:45,540] WARNING: 读取帧失败
[2026-06-12 15:42:45,571] WARNING: 读取帧失败
[2026-06-12 15:42:45,602] WARNING: 读取帧失败
[2026-06-12 15:42:45,632] WARNING: 读取帧失败
[2026-06-12 15:42:45,663] WARNING: 读取帧失败
[2026-06-12 15:42:45,694] WARNING: 读取帧失败
[2026-06-12 15:42:45,725] WARNING: 读取帧失败
[2026-06-12 15:42:45,755] WARNING: 读取帧失败
[2026-06-12 15:42:45,785] WARNING: 读取帧失败
[2026-06-12 15:42:45,815] WARNING: 读取帧失败
[2026-06-12 15:42:45,846] WARNING: 读取帧失败
[2026-06-12 15:42:45,876] WARNING: 读取帧失败
[2026-06-12 15:42:45,907] WARNING: 读取帧失败
[2026-06-12 15:42:45,938] WARNING: 读取帧失败
[2026-06-12 15:42:45,969] WARNING: 读取帧失败
[2026-06-12 15:42:45,999] WARNING: 读取帧失败
[2026-06-12 15:42:46,030] WARNING: 读取帧失败
[2026-06-12 15:42:46,060] WARNING: 读取帧失败
[2026-06-12 15:42:46,091] WARNING: 读取帧失败
[2026-06-12 15:42:46,121] WARNING: 读取帧失败
[2026-06-12 15:42:46,152] WARNING: 读取帧失败
[2026-06-12 15:42:46,182] WARNING: 读取帧失败
[2026-06-12 15:42:46,212] WARNING: 读取帧失败
[2026-06-12 15:42:46,242] WARNING: 读取帧失败
[2026-06-12 15:42:46,273] WARNING: 读取帧失败
[2026-06-12 15:42:46,303] WARNING: 读取帧失败
[2026-06-12 15:42:46,333] WARNING: 读取帧失败
[2026-06-12 15:42:46,363] WARNING: 读取帧失败
[2026-06-12 15:42:46,393] WARNING: 读取帧失败
[2026-06-12 15:42:46,423] WARNING: 读取帧失败
[2026-06-12 15:42:46,454] WARNING: 读取帧失败
[2026-06-12 15:42:46,484] WARNING: 读取帧失败
[2026-06-12 15:42:46,514] WARNING: 读取帧失败
[2026-06-12 15:42:46,545] WARNING: 读取帧失败
[2026-06-12 15:42:46,575] WARNING: 读取帧失败
[2026-06-12 15:42:46,605] WARNING: 读取帧失败
[2026-06-12 15:42:46,636] WARNING: 读取帧失败
[2026-06-12 15:42:46,667] WARNING: 读取帧失败
[2026-06-12 15:42:46,698] WARNING: 读取帧失败
[2026-06-12 15:42:46,728] WARNING: 读取帧失败
[2026-06-12 15:42:46,759] WARNING: 读取帧失败
[2026-06-12 15:42:46,789] WARNING: 读取帧失败
[2026-06-12 15:42:46,820] WARNING: 读取帧失败
[2026-06-12 15:42:46,850] WARNING: 读取帧失败
[2026-06-12 15:42:46,880] WARNING: 读取帧失败
[2026-06-12 15:42:46,911] WARNING: 读取帧失败
[2026-06-12 15:42:46,941] WARNING: 读取帧失败
[2026-06-12 15:42:46,971] WARNING: 读取帧失败
[2026-06-12 15:42:47,002] WARNING: 读取帧失败
[2026-06-12 15:42:47,033] WARNING: 读取帧失败
[2026-06-12 15:42:47,064] WARNING: 读取帧失败
[2026-06-12 15:42:47,094] WARNING: 读取帧失败
[2026-06-12 15:42:47,124] WARNING: 读取帧失败
[2026-06-12 15:42:47,154] WARNING: 读取帧失败
[2026-06-12 15:42:47,185] WARNING: 读取帧失败
[2026-06-12 15:42:47,215] WARNING: 读取帧失败
[2026-06-12 15:42:47,246] WARNING: 读取帧失败
[2026-06-12 15:42:47,277] WARNING: 读取帧失败
[2026-06-12 15:42:47,308] WARNING: 读取帧失败
[2026-06-12 15:42:47,338] WARNING: 读取帧失败
[2026-06-12 15:42:47,369] WARNING: 读取帧失败
[2026-06-12 15:42:47,400] WARNING: 读取帧失败
[2026-06-12 15:42:47,431] WARNING: 读取帧失败
[2026-06-12 15:42:47,461] WARNING: 读取帧失败
[2026-06-12 15:42:47,491] WARNING: 读取帧失败
[2026-06-12 15:42:47,521] WARNING: 读取帧失败
[2026-06-12 15:42:47,551] WARNING: 读取帧失败
[2026-06-12 15:42:47,582] WARNING: 读取帧失败
[2026-06-12 15:42:47,612] WARNING: 读取帧失败
[2026-06-12 15:42:47,642] WARNING: 读取帧失败
[2026-06-12 15:42:47,672] WARNING: 读取帧失败
[2026-06-12 15:42:47,702] WARNING: 读取帧失败
[2026-06-12 15:42:47,733] WARNING: 读取帧失败
[2026-06-12 15:42:47,763] WARNING: 读取帧失败
[2026-06-12 15:42:47,793] WARNING: 读取帧失败
[2026-06-12 15:42:47,823] WARNING: 读取帧失败
[2026-06-12 15:42:47,854] WARNING: 读取帧失败
[2026-06-12 15:42:47,884] WARNING: 读取帧失败
[2026-06-12 15:42:47,914] WARNING: 读取帧失败
[2026-06-12 15:42:47,944] WARNING: 读取帧失败
[2026-06-12 15:42:47,975] WARNING: 读取帧失败
[2026-06-12 15:42:48,005] WARNING: 读取帧失败
[2026-06-12 15:42:48,035] WARNING: 读取帧失败
[2026-06-12 15:42:48,065] WARNING: 读取帧失败
[2026-06-12 15:42:48,096] WARNING: 读取帧失败
[2026-06-12 15:42:48,126] WARNING: 读取帧失败
[2026-06-12 15:42:48,156] WARNING: 读取帧失败
[2026-06-12 15:42:48,186] WARNING: 读取帧失败
[2026-06-12 15:42:48,216] WARNING: 读取帧失败
[2026-06-12 15:42:48,247] WARNING: 读取帧失败
[2026-06-12 15:42:48,277] WARNING: 读取帧失败
[2026-06-12 15:42:48,307] WARNING: 读取帧失败
[2026-06-12 15:42:48,337] WARNING: 读取帧失败
[2026-06-12 15:42:48,368] WARNING: 读取帧失败
[2026-06-12 15:42:48,398] WARNING: 读取帧失败
[2026-06-12 15:42:48,428] WARNING: 读取帧失败
[2026-06-12 15:42:48,458] WARNING: 读取帧失败
[2026-06-12 15:42:48,488] WARNING: 读取帧失败
[2026-06-12 15:42:48,519] WARNING: 读取帧失败
[2026-06-12 15:42:48,549] WARNING: 读取帧失败
[2026-06-12 15:42:48,579] WARNING: 读取帧失败
[2026-06-12 15:42:48,609] WARNING: 读取帧失败
[2026-06-12 15:42:48,640] WARNING: 读取帧失败
[2026-06-12 15:42:48,670] WARNING: 读取帧失败
[2026-06-12 15:42:48,700] WARNING: 读取帧失败
[2026-06-12 15:42:48,731] INFO: 关闭相机与资源。
[2026-06-12 15:42:48,732] INFO: === Session Summary ===
[2026-06-12 15:42:48,732] INFO: {
  "session_id": "20260612_154225",
  "device": "/dev/video0",
  "start_time": "2026-06-12 15:42:25",
  "end_time": "2026-06-12 15:42:48",
  "operations": [
    "photo_mode"
  ],
  "saved_images": [],
  "saved_videos": [],
  "test_result": null,
  "config_history": [
    {
      "time": "2026-06-12 15:42:27",
      "requested": {
        "width": 1920,
        "height": 1080,
        "fps": 30,
        "pixfmt": "MJPG"
      },
      "actual": {
        "width": 1920,
        "height": 1080,
        "fps": 30.0,
        "fourcc": "MJPG"
      }
    }
  ]
}
[2026-06-12 15:42:48,732] INFO: 已保存 session_summary.json 到: camera_outputs/session_20260612_154225
